MAP
  NAME           mymap
  IMAGETYPE      PNG24
  # EXTENT         -97.238976 41.619778 -82.122902 49.385620
  SIZE           400 300
  IMAGECOLOR     255 255 255
  PROJECTION
    "init=epsg:4326"
  END

  WEB
    METADATA 
      WMS_ENABLE_REQUEST "*"
      WMS_TITLE          "map title"
    END
  END # end web


  LAYER # FTL raster layer begins here
        PROJECTION
          "init=epsg:3005"
        END
        NAME         FTL
        DATA         "/etc/mapserver/2018_ftl-3band.tif"
        # STATUS       OFF
        TYPE         RASTER
        METADATA 
          WMS_ENABLE_REQUEST "*"
          WMS_TITLE          "FTL layer"
        END

  END # FTL raster layer ends here

  LAYER # ELEVATION raster layer begins here
        PROJECTION
          "init=epsg:3857"
        END
        NAME         EAS_WEB_MERCATOR
        DATA    "/etc/mapserver/mega_merged_topo_eas_web_mercator.tif"
        # STATUS       OFF
        TYPE         RASTER
        METADATA 
          WMS_ENABLE_REQUEST "*"
          WMS_TITLE          "Elevation+Aspect+Slope - Web Mercator"
        END
  END # ELEVATION raster layer ends here

  LAYER # ELEVATION raster layer begins here
        PROJECTION
          "init=epsg:4326"
        END
        NAME         EAS
        DATA    "/etc/mapserver/mega_merged_topo_eas.tif"
        # STATUS       OFF
        TYPE         RASTER
        METADATA 
          WMS_ENABLE_REQUEST "*"
          WMS_TITLE          "Elevation+Aspect+Slope"
        END
  END # ELEVATION raster layer ends here

END # All map files must come to an end just as all other things must come to...